---
source: tests/tui_snapshots.rs
expression: output
---
╭──────────────────────────────────────────────────────────────────────────────────────────────────────────────────────╮
│  1 Fixture Article | + (t)                                                                                           │
│ ╭ URL ─────────────────────────────────────────────────────────────────────────────────────────────────────────────╮ │
│ │  https://fixture.local/article                                                                                   │ │
│ ╰──────────────────────────────────────────────────────────────────────────────────────────────────────────────────╯ │
│                                                                                                                      │
│ ╭ 4 ─────────────────────╮ ╭ CONTENT ─────────────────────────────────────────────╮ ╭ chat ────────────────────────╮ │
│ │  1 Fixture Links       │ │                                                      │ │                              │ │
│ │  2 Example Domain      │ │ FIXTURE ARTICLE                                      │ │                              │ │
│ │  3 Rust Language       │ │                                                      │ │      Press 'c' to start      │ │
│ │  4 Azul Repo           │ │                                                      │ │                              │ │
│ │                        │ │   This is a baseline fixture page used for TUI       │ │                              │ │
│ │                        │ │   snapshot tests.                                    │ │                              │ │
│ │                        │ │                                                      │ │                              │ │
│ │                        │ │                                                      │ │                              │ │
│ │                        │ │ ─ Highlights                                         │ │                              │ │
│ │                        │ │                                                      │ │                              │ │
│ │                        │ │                                                      │ │                              │ │
│ │                        │ │   • Deterministic layout                             │ │                              │ │
│ │                        │ │   • No network access                                │ │                              │ │
│ │                        │ │   • Stable content for snapshots                     │ │                              │ │
│ │                        │ │                                                      │ │                              │ │
│ │                        │ │   Notes                                              │ │                              │ │
│ │                        │ │                                                      │ │                              │ │
│ │                        │ │                                                      │ │                              │ │
│ │                        │ │   Use  /  to focus the URL bar and  ?  for help.     │ │                              │ │
│ │                        │ │                                                      │ │                              │ │
│ │                        │ │    +-------------------------------------------      │ │                              │ │
│ │                        │ │    | cargo run                                       │ │                              │ │
│ │                        │ │    +-------------------------------------------      │ │                              │ │
│ │                        │ │                                                      │ │                              │ │
│ │                        │ │                                                      │ │                              │ │
│ │                        │ │   End of fixture.                                    │ │                              │ │
│ │                        │ │                                                      │ │                              │ │
│ │                        │ │                                                      │ │                              │ │
│ │                        │ │                                                      │ │                              │ │
│ ╰────────────────────────╯ ╰──────────────────────────────────────────────────────╯ ╰──────────────────────────────╯ │
│   -  1/1  Ready - / search | t new tab | b bookmarks | c chat | z focus | ? help   |   / search  ? help  q quit      │
│                                                                                                                      │
╰──────────────────────────────────────────────────────────────────────────────────────────────────────────────────────╯
