---
source: tests/tui_snapshots.rs
expression: raw_output
---
╭──────────────────────────────────────────────────────────────────────────────────────────────────────────────────────╮
│  1 Fixture Article | + (t)                                                                                           │
│ ╭ URL ─────────────────────────────────────────────────────────────────────────────────────────────────────────────╮ │
│ │  https://fixture.local/article                                                                                   │ │
│ ╰──────────────────────────────────────────────────────────────────────────────────────────────────────────────────╯ │
│                                                                                                                      │
│ ╭ 4 ─────────────────────╮ ╭ RAW ──────────────────────────────────────────────────────────────────────────────────╮ │
│ │  1 Fixture Links       │ │       <!doctype html>                                                                 │ │
│ │  2 Example Domain      │ │       <html>                                                                          │ │
│ │  3 Rust Language       │ │       <head><title>Fixture Article</title></head>                                     │ │
│ │  4 Azul Repo           │ │       <body>                                                                          │ │
│ │                        │ │       <h1>Fixture Article</h1>                                                        │ │
│ │                        │ │       <p>Baseline content for snapshots.</p>                                          │ │
│ │                        │ │       </body>                                                                         │ │
│ │                        │ │       </html>                                                                         │ │
│ │                        │ │                                                                                       │ │
│ │                        │ │                                                                                       │ │
│ │                        │ │                                                                                       │ │
│ │                        │ │                                                                                       │ │
│ │                        │ │                                                                                       │ │
│ │                        │ │                                                                                       │ │
│ │                        │ │                                                                                       │ │
│ │                        │ │                                                                                       │ │
│ │                        │ │                                                                                       │ │
│ │                        │ │                                                                                       │ │
│ │                        │ │                                                                                       │ │
│ │                        │ │                                                                                       │ │
│ │                        │ │                                                                                       │ │
│ │                        │ │                                                                                       │ │
│ │                        │ │                                                                                       │ │
│ │                        │ │                                                                                       │ │
│ │                        │ │                                                                                       │ │
│ │                        │ │                                                                                       │ │
│ │                        │ │                                                                                       │ │
│ │                        │ │                                                                                       │ │
│ │                        │ │                                                                                       │ │
│ ╰────────────────────────╯ ╰───────────────────────────────────────────────────────────────────────────────────────╯ │
│   -  1/1  Ready - / search | t new tab | b bookmarks | c chat | z focus | ? help   |   / search  ? help  q quit      │
│                                                                                                                      │
╰──────────────────────────────────────────────────────────────────────────────────────────────────────────────────────╯
